16:44:52.490 [main                     ] DEBUG Logger               - Configured Logger
16:44:52.602 [main                     ] DEBUG GameApplication      - Logging settings
Title: 坦克大战
Version: 1.0
Width: 1920
Height: 1080
Fullscreen: false
Intro: false
Profiling: false
Single step:false
App Mode: DEVELOPER
Menu Key: ESCAPE
Stage Style: DECORATED
Scene Factory: class com.almasb.fxgl.app.scene.SceneFactory

16:44:55.793 [JavaFX Application Thread] DEBUG FXGLApplication      - Initializing FXGL
16:44:55.809 [JavaFX Application Thread] INFO  Engine               - FXGL-17 (31.12.2021 18.16) on WINDOWS (J:17.0.10 FX:17.0.0.1)
16:44:55.810 [JavaFX Application Thread] DEBUG Engine               - JRE Vendor Name: Oracle Corporation
16:44:55.810 [JavaFX Application Thread] DEBUG Engine               - Running on OS: Windows 11 version 10.0
16:44:55.811 [JavaFX Application Thread] DEBUG Engine               - Architecture: amd64
16:44:55.811 [JavaFX Application Thread] INFO  Engine               - Source code and latest versions at: https://github.com/AlmasB/FXGL
16:44:55.811 [JavaFX Application Thread] INFO  Engine               -       Ask questions and discuss at: https://github.com/AlmasB/FXGL/discussions
16:44:55.812 [JavaFX Application Thread] INFO  Engine               -              Join the FXGL chat at: https://gitter.im/AlmasB/FXGL
16:44:56.071 [JavaFX Application Thread] DEBUG PrimaryStageWindow   - Creating a JavaFX scene
16:44:56.071 [JavaFX Application Thread] DEBUG PrimaryStageWindow   - Target size > screen size
16:44:56.184 [JavaFX Application Thread] DEBUG PrimaryStageWindow   - Target settings size: 1920.0 x 1080.0
16:44:56.185 [JavaFX Application Thread] DEBUG PrimaryStageWindow   - Scaled scene size:    1425.0 x 815.0
16:44:56.185 [JavaFX Application Thread] DEBUG PrimaryStageWindow   - Scaled ratio: (0.7421875, 0.7546296296296297)
16:44:56.187 [JavaFX Application Thread] DEBUG PrimaryStageWindow   - Set initial scene to FXGLStartupScene
16:44:56.198 [JavaFX Application Thread] DEBUG PrimaryStageWindow   - Opening main window
16:44:56.353 [JavaFX Application Thread] DEBUG PrimaryStageWindow   - Window border size: (15.0, 37.79998779296875)
16:44:56.353 [JavaFX Application Thread] DEBUG PrimaryStageWindow   - Scaled size: 1425.0 x 815.0
16:44:56.355 [JavaFX Application Thread] DEBUG PrimaryStageWindow   - Scaled ratio: (0.7421875, 0.7546296296296297)
16:44:56.356 [JavaFX Application Thread] DEBUG PrimaryStageWindow   - Scene size: 1425.0 x 815.0
16:44:56.357 [JavaFX Application Thread] DEBUG PrimaryStageWindow   - Stage size: 1440.0 x 852.7999877929688
16:44:56.374 [FXGL Background Thread 1 ] DEBUG Engine               - Initializing environment variables
16:44:56.444 [FXGL Background Thread 1 ] DEBUG FXGLAssetLoaderServi - User app class for loading assets: class com.alatus.fxgl.TankWarApp
16:44:56.445 [FXGL Background Thread 1 ] DEBUG GameApplicationServi - Applying CSS: fxgl_dark.css
16:44:56.446 [FXGL Background Thread 1 ] DEBUG FXGLAssetLoaderServi - Loading from file system: jar:file:///C:/Maven/repository/com/github/almasb/fxgl/17/fxgl-17.jar!/fxglassets/ui/css/fxgl_dark.css
16:44:56.538 [FXGL Background Thread 1 ] DEBUG GameApplicationServi - Initializing application scenes
16:44:56.707 [FXGL Background Thread 1 ] DEBUG GameWorld            - Game world initialized
16:44:56.820 [FXGL Background Thread 1 ] DEBUG PhysicsWorld         - Physics world initialized: appHeight=1080, physics.ppm=50.0
16:44:56.821 [FXGL Background Thread 1 ] DEBUG PhysicsWorld         - Using strategy: BRUTE_FORCE
16:44:56.829 [FXGL Background Thread 1 ] DEBUG GameScene            - Game scene initialized: 1920x1080
16:44:56.855 [FXGL Background Thread 1 ] DEBUG FXGL.DefaultMenu     - createMenuBodyMainMenu()
16:44:56.886 [FXGL Background Thread 1 ] DEBUG FXGL.DefaultMenu     - createOptionsMenu()
16:44:56.906 [FXGL Background Thread 1 ] DEBUG FXGLAssetLoaderServi - Loading from file system: jar:file:///C:/Maven/repository/com/github/almasb/fxgl/17/fxgl-17.jar!/fxglassets/textures/particles/smoke.png
16:44:57.066 [FXGL Background Thread 1 ] DEBUG FXGLAssetLoaderServi - Loading from file system: jar:file:///C:/Maven/repository/com/github/almasb/fxgl/17/fxgl-17.jar!/fxglassets/textures/particles/trace_horizontal.png
16:44:57.117 [FXGL Background Thread 1 ] DEBUG FXGL.DefaultMenu     - createMenuBodyGameMenu()
16:44:57.119 [FXGL Background Thread 1 ] DEBUG FXGL.DefaultMenu     - createOptionsMenu()
16:44:57.139 [FXGL Background Thread 1 ] DEBUG GameApplicationServi - Application scenes initialized
16:44:57.174 [FXGL Background Thread 1 ] DEBUG SystemBundleService  - Loading default FXGL system data
16:44:57.175 [FXGL Background Thread 1 ] DEBUG UpdaterService       - Checking for updates
16:44:57.185 [FXGL Background Thread 4 ] DEBUG FXGLApplication      - Loading fonts
16:44:57.186 [FXGL Background Thread 4 ] DEBUG FXGLAssetLoaderServi - Loading from file system: jar:file:///C:/Maven/repository/com/github/almasb/fxgl/17/fxgl-17.jar!/fxglassets/ui/fonts/VarelaRound-Regular.ttf
16:44:57.186 [FXGL Background Thread 1 ] DEBUG FXGLApplication      - Loading default localization
16:44:57.188 [FXGL Background Thread 1 ] DEBUG FXGLAssetLoaderServi - Loading from file system: file:/C:/Users/15713/IdeaProjects/FXGL/TankWar/target/classes/assets/languages/chinese.lang
16:44:57.253 [FXGL Background Thread 1 ] INFO  FXGLApplication      - FXGL initialization took: 0.879 sec
16:44:57.277 [JavaFX Application Thread] DEBUG Input                - Registered new binding: 向上 - Up
16:44:57.277 [JavaFX Application Thread] DEBUG Input                - Registered new binding: 向下 - Down
16:44:57.278 [JavaFX Application Thread] DEBUG Input                - Registered new binding: 向左 - Left
16:44:57.278 [JavaFX Application Thread] DEBUG Input                - Registered new binding: 向右 - Right
16:44:57.279 [JavaFX Application Thread] DEBUG Input                - Registered new binding: 发射子弹 - Space
16:44:57.280 [JavaFX Application Thread] DEBUG FXGLAssetLoaderServi - Loading from file system: file:/C:/Users/15713/IdeaProjects/FXGL/TankWar/target/classes/assets/music/music.mp3
16:44:57.435 [FXGL Background Thread 4 ] DEBUG FXGLAssetLoaderServi - Loading from file system: jar:file:///C:/Maven/repository/com/github/almasb/fxgl/17/fxgl-17.jar!/fxglassets/ui/fonts/Abel-Regular.ttf
16:44:57.442 [FXGL Background Thread 4 ] DEBUG FXGLAssetLoaderServi - Loading from file system: jar:file:///C:/Maven/repository/com/github/almasb/fxgl/17/fxgl-17.jar!/fxglassets/ui/fonts/TerminalLandMono-Regular.otf
16:44:57.449 [FXGL Background Thread 4 ] DEBUG FXGLAssetLoaderServi - Loading from file system: jar:file:///C:/Maven/repository/com/github/almasb/fxgl/17/fxgl-17.jar!/fxglassets/ui/fonts/Courier-Prime.ttf
16:44:57.666 [JavaFX Application Thread] DEBUG AudioPlayer          - Playing music com.almasb.fxgl.audio.Music@76f15c6d
16:44:57.667 [JavaFX Application Thread] DEBUG FXGLAssetLoaderServi - Loading from file system: file:/C:/Users/15713/IdeaProjects/FXGL/TankWar/target/classes/assets/textures/tab.PNG
16:44:58.247 [JavaFX Application Thread] DEBUG FXGLAssetLoaderServi - Loading from file system: jar:file:///C:/Maven/repository/com/github/almasb/fxgl/17/fxgl-17.jar!/fxglassets/textures/fxgl_default_cursor.png
16:44:58.251 [JavaFX Application Thread] DEBUG Input                - Registered new binding: Screenshot - CTRL+8
16:44:58.252 [JavaFX Application Thread] DEBUG Input                - Registered new binding: System info dump - CTRL+9
16:44:58.253 [JavaFX Application Thread] DEBUG Input                - Registered new binding: Restart - CTRL+R
16:44:58.255 [JavaFX Application Thread] DEBUG Input                - Registered new binding: Toggle Debug Camera - CTRL+7
16:44:58.267 [JavaFX Application Thread] DEBUG LoopRunner           - Starting loop
16:44:58.267 [JavaFX Application Thread] DEBUG LoopRunner           - Initializing JavaFX AnimationTimerLoop
16:44:58.280 [JavaFX Application Thread] DEBUG Input                - Clearing active input actions
16:44:58.298 [JavaFX Application Thread] DEBUG GameApplicationServi - Removing overlay from FXGLStartupScene and adding to FXGLMainMenuDummyScene
16:44:58.299 [JavaFX Application Thread] DEBUG PrimaryStageWindow   - FXGLStartupScene -> FXGLMainMenuDummyScene
16:44:58.300 [JavaFX Application Thread] DEBUG PrimaryStageWindow   - Push state: FXGLDefaultMenu
16:44:58.315 [JavaFX Application Thread] DEBUG Input                - Clearing active input actions
16:44:58.339 [JavaFX Application Thread] DEBUG GameApplicationServi - Removing overlay from FXGLMainMenuDummyScene and adding to FXGLDefaultMenu
16:44:58.340 [JavaFX Application Thread] DEBUG PrimaryStageWindow   - FXGLMainMenuDummyScene -> FXGLDefaultMenu
16:44:58.341 [JavaFX Application Thread] DEBUG FXGLApplication      - Registering font factories with UI factory
16:44:58.363 [FXGL Background Thread 2 ] INFO  UpdaterService       - Your current version:  17
16:44:58.363 [FXGL Background Thread 2 ] INFO  UpdaterService       - Latest stable version: 21.1
16:45:00.181 [FXGL Background Thread 3 ] DEBUG Engine               - Logging environment variables
16:45:00.182 [FXGL Background Thread 3 ] DEBUG Engine               - achievements: []
16:45:00.182 [FXGL Background Thread 3 ] DEBUG Engine               - actualHeight: 815.0
16:45:00.182 [FXGL Background Thread 3 ] DEBUG Engine               - actualHeightProperty: ReadOnlyDoubleProperty [value: 815.0]
16:45:00.182 [FXGL Background Thread 3 ] DEBUG Engine               - actualWidth: 1425.0
16:45:00.183 [FXGL Background Thread 3 ] DEBUG Engine               - actualWidthProperty: ReadOnlyDoubleProperty [value: 1425.0]
16:45:00.183 [FXGL Background Thread 3 ] DEBUG Engine               - appIcon: tab.PNG
16:45:00.183 [FXGL Background Thread 3 ] DEBUG Engine               - applicationMode: DEVELOPER
16:45:00.183 [FXGL Background Thread 3 ] DEBUG Engine               - cSSList: [fxgl_dark.css]
16:45:00.183 [FXGL Background Thread 3 ] DEBUG Engine               - collisionDetectionStrategy: BRUTE_FORCE
16:45:00.183 [FXGL Background Thread 3 ] DEBUG Engine               - configClass: Optional.empty
16:45:00.184 [FXGL Background Thread 3 ] DEBUG Engine               - credits: []
16:45:00.185 [FXGL Background Thread 3 ] DEBUG Engine               - defaultCursor: CursorInfo(imageName=fxgl_default_cursor.png, hotspotX=7.0, hotspotY=6.0)
16:45:00.185 [FXGL Background Thread 3 ] DEBUG Engine               - devBBoxColorProperty: ObjectProperty [value: 0xff0000ff]
16:45:00.185 [FXGL Background Thread 3 ] DEBUG Engine               - devEnableDebugCameraProperty: BooleanProperty [value: false]
16:45:00.186 [FXGL Background Thread 3 ] DEBUG Engine               - devSensorColorProperty: ObjectProperty [value: 0xffff00ff]
16:45:00.186 [FXGL Background Thread 3 ] DEBUG Engine               - devShowBBoxProperty: BooleanProperty [value: false]
16:45:00.187 [FXGL Background Thread 3 ] DEBUG Engine               - devShowPositionProperty: BooleanProperty [value: false]
16:45:00.187 [FXGL Background Thread 3 ] DEBUG Engine               - enabledMenuItems: []
16:45:00.187 [FXGL Background Thread 3 ] DEBUG Engine               - engineServices: [class com.almasb.fxgl.app.services.FXGLAssetLoaderService, class com.almasb.fxgl.app.FXGLApplication$GameApplicationService, class com.almasb.fxgl.app.services.FXGLDialogService, class com.almasb.fxgl.app.services.IOTaskExecutorService, class com.almasb.fxgl.io.FileSystemService, class com.almasb.fxgl.localization.LocalizationService, class com.almasb.fxgl.app.services.SystemBundleService, class com.almasb.fxgl.profile.SaveLoadService, class com.almasb.fxgl.ui.FXGLUIFactoryServiceProvider, class com.almasb.fxgl.ui.FXGLDialogFactoryServiceProvider, class com.almasb.fxgl.audio.AudioPlayer, class com.almasb.fxgl.notification.impl.NotificationServiceProvider, class com.almasb.fxgl.achievement.AchievementService, class com.almasb.fxgl.cutscene.CutsceneService, class com.almasb.fxgl.minigames.MiniGameService, class com.almasb.fxgl.net.NetService, class com.almasb.fxgl.app.services.UpdaterService, class com.almasb.fxgl.dev.DevService]
16:45:00.187 [FXGL Background Thread 3 ] DEBUG Engine               - fontGame: Abel-Regular.ttf
16:45:00.187 [FXGL Background Thread 3 ] DEBUG Engine               - fontMono: TerminalLandMono-Regular.otf
16:45:00.188 [FXGL Background Thread 3 ] DEBUG Engine               - fontText: Courier-Prime.ttf
16:45:00.188 [FXGL Background Thread 3 ] DEBUG Engine               - fontUI: VarelaRound-Regular.ttf
16:45:00.188 [FXGL Background Thread 3 ] DEBUG Engine               - fullScreen: BooleanProperty [value: false]
16:45:00.188 [FXGL Background Thread 3 ] DEBUG Engine               - gameDifficulty: MEDIUM
16:45:00.189 [FXGL Background Thread 3 ] DEBUG Engine               - gameDifficultyProperty: ObjectProperty [value: MEDIUM]
16:45:00.189 [FXGL Background Thread 3 ] DEBUG Engine               - globalMusicVolume: 0.5
16:45:00.190 [FXGL Background Thread 3 ] DEBUG Engine               - globalMusicVolumeProperty: DoubleProperty [value: 0.3]
16:45:00.190 [FXGL Background Thread 3 ] DEBUG Engine               - globalSoundVolume: 0.5
16:45:00.191 [FXGL Background Thread 3 ] DEBUG Engine               - globalSoundVolumeProperty: DoubleProperty [value: 0.5]
16:45:00.191 [FXGL Background Thread 3 ] DEBUG Engine               - height: 1080
16:45:00.191 [FXGL Background Thread 3 ] DEBUG Engine               - is3D: false
16:45:00.191 [FXGL Background Thread 3 ] DEBUG Engine               - isAndroid: false
16:45:00.191 [FXGL Background Thread 3 ] DEBUG Engine               - isBrowser: false
16:45:00.192 [FXGL Background Thread 3 ] DEBUG Engine               - isClickFeedbackEnabled: false
16:45:00.192 [FXGL Background Thread 3 ] DEBUG Engine               - isCloseConfirmation: false
16:45:00.192 [FXGL Background Thread 3 ] DEBUG Engine               - isDesktop: true
16:45:00.192 [FXGL Background Thread 3 ] DEBUG Engine               - isDeveloperMenuEnabled: false
16:45:00.192 [FXGL Background Thread 3 ] DEBUG Engine               - isEmbedded: false
16:45:00.192 [FXGL Background Thread 3 ] DEBUG Engine               - isEntityPreloadEnabled: true
16:45:00.192 [FXGL Background Thread 3 ] DEBUG Engine               - isExperimentalTiledLargeMap: false
16:45:00.193 [FXGL Background Thread 3 ] DEBUG Engine               - isFileSystemWriteAllowed: true
16:45:00.193 [FXGL Background Thread 3 ] DEBUG Engine               - isFullScreenAllowed: false
16:45:00.193 [FXGL Background Thread 3 ] DEBUG Engine               - isFullScreenFromStart: false
16:45:00.193 [FXGL Background Thread 3 ] DEBUG Engine               - isGameMenuEnabled: true
16:45:00.193 [FXGL Background Thread 3 ] DEBUG Engine               - isIOS: false
16:45:00.193 [FXGL Background Thread 3 ] DEBUG Engine               - isIntroEnabled: false
16:45:00.193 [FXGL Background Thread 3 ] DEBUG Engine               - isLinux: false
16:45:00.193 [FXGL Background Thread 3 ] DEBUG Engine               - isMac: false
16:45:00.194 [FXGL Background Thread 3 ] DEBUG Engine               - isMainMenuEnabled: true
16:45:00.194 [FXGL Background Thread 3 ] DEBUG Engine               - isManualResizeEnabled: false
16:45:00.194 [FXGL Background Thread 3 ] DEBUG Engine               - isMobile: false
16:45:00.194 [FXGL Background Thread 3 ] DEBUG Engine               - isNative: false
16:45:00.194 [FXGL Background Thread 3 ] DEBUG Engine               - isPauseMusicWhenMinimized: true
16:45:00.195 [FXGL Background Thread 3 ] DEBUG Engine               - isPreserveResizeRatio: false
16:45:00.195 [FXGL Background Thread 3 ] DEBUG Engine               - isProfilingEnabled: false
16:45:00.195 [FXGL Background Thread 3 ] DEBUG Engine               - isScaleAffectedOnResize: true
16:45:00.195 [FXGL Background Thread 3 ] DEBUG Engine               - isSingleStep: false
16:45:00.195 [FXGL Background Thread 3 ] DEBUG Engine               - isUserProfileEnabled: false
16:45:00.195 [FXGL Background Thread 3 ] DEBUG Engine               - isWindows: true
16:45:00.196 [FXGL Background Thread 3 ] DEBUG Engine               - language: ObjectProperty [value: CHINESE]
16:45:00.196 [FXGL Background Thread 3 ] DEBUG Engine               - menuKey: ESCAPE
16:45:00.196 [FXGL Background Thread 3 ] DEBUG Engine               - mouseSensitivity: 0.2
16:45:00.196 [FXGL Background Thread 3 ] DEBUG Engine               - notificationViewClass: class com.almasb.fxgl.notification.view.XboxNotificationView
16:45:00.196 [FXGL Background Thread 3 ] DEBUG Engine               - pixelsPerMeter: 50.0
16:45:00.196 [FXGL Background Thread 3 ] DEBUG Engine               - platform: WINDOWS
16:45:00.196 [FXGL Background Thread 3 ] DEBUG Engine               - prefHeightProperty: ReadOnlyDoubleProperty [value: 1080.0]
16:45:00.197 [FXGL Background Thread 3 ] DEBUG Engine               - prefWidthProperty: ReadOnlyDoubleProperty [value: 1920.0]
16:45:00.197 [FXGL Background Thread 3 ] DEBUG Engine               - profileDir: profiles/
16:45:00.197 [FXGL Background Thread 3 ] DEBUG Engine               - profileName: StringProperty [value: DEFAULT]
16:45:00.197 [FXGL Background Thread 3 ] DEBUG Engine               - randomSeed: -1
16:45:00.198 [FXGL Background Thread 3 ] DEBUG Engine               - runtimeInfo: RuntimeInfo(platform=WINDOWS, version=17, build=31.12.2021 18.16)
16:45:00.198 [FXGL Background Thread 3 ] DEBUG Engine               - saveFileExt: sav
16:45:00.198 [FXGL Background Thread 3 ] DEBUG Engine               - scaledHeightProp$fxgl: DoubleProperty [bound, value: 815.0]
16:45:00.198 [FXGL Background Thread 3 ] DEBUG Engine               - scaledWidthProp$fxgl: DoubleProperty [bound, value: 1425.0]
16:45:00.198 [FXGL Background Thread 3 ] DEBUG Engine               - sceneFactory: com.almasb.fxgl.app.scene.SceneFactory@35e8a2b9
16:45:00.198 [FXGL Background Thread 3 ] DEBUG Engine               - secondsIn24h: 60
16:45:00.198 [FXGL Background Thread 3 ] DEBUG Engine               - soundMenuBack: menu/back.wav
16:45:00.198 [FXGL Background Thread 3 ] DEBUG Engine               - soundMenuPress: menu/press.wav
16:45:00.198 [FXGL Background Thread 3 ] DEBUG Engine               - soundMenuSelect: menu/select.wav
16:45:00.198 [FXGL Background Thread 3 ] DEBUG Engine               - soundNotification: core/notification.wav
16:45:00.198 [FXGL Background Thread 3 ] DEBUG Engine               - stageStyle: DECORATED
16:45:00.198 [FXGL Background Thread 3 ] DEBUG Engine               - supportedLanguages: [CHINESE, ENGLISH, FRENCH, GERMAN, HUNGARIAN, RUSSIAN]
16:45:00.199 [FXGL Background Thread 3 ] DEBUG Engine               - ticksPerSecond: -1
16:45:00.199 [FXGL Background Thread 3 ] DEBUG Engine               - title: 坦克大战
16:45:00.199 [FXGL Background Thread 3 ] DEBUG Engine               - urlGithub: https://github.com/AlmasB/FXGL
16:45:00.199 [FXGL Background Thread 3 ] DEBUG Engine               - urlLeaderboard: http://fxgl-top.herokuapp.com/
16:45:00.199 [FXGL Background Thread 3 ] DEBUG Engine               - urlPOM: https://raw.githubusercontent.com/AlmasB/FXGL/release/README.md
16:45:00.200 [FXGL Background Thread 3 ] DEBUG Engine               - userAppClass: class com.alatus.fxgl.TankWarApp
16:45:00.200 [FXGL Background Thread 3 ] DEBUG Engine               - version: 1.0
16:45:00.201 [FXGL Background Thread 3 ] DEBUG Engine               - versionCheckDays: 7
16:45:00.201 [FXGL Background Thread 3 ] DEBUG Engine               - width: 1920
16:45:00.201 [FXGL Background Thread 3 ] DEBUG Engine               - Logging services
16:45:00.201 [FXGL Background Thread 3 ] DEBUG Engine               - class com.almasb.fxgl.app.services.FXGLAssetLoaderService
16:45:00.201 [FXGL Background Thread 3 ] DEBUG Engine               - class com.almasb.fxgl.app.FXGLApplication$GameApplicationService
16:45:00.201 [FXGL Background Thread 3 ] DEBUG Engine               - class com.almasb.fxgl.app.services.FXGLDialogService
16:45:00.201 [FXGL Background Thread 3 ] DEBUG Engine               - class com.almasb.fxgl.app.services.IOTaskExecutorService
16:45:00.201 [FXGL Background Thread 3 ] DEBUG Engine               - class com.almasb.fxgl.io.FileSystemService
16:45:00.201 [FXGL Background Thread 3 ] DEBUG Engine               - class com.almasb.fxgl.localization.LocalizationService
16:45:00.201 [FXGL Background Thread 3 ] DEBUG Engine               - class com.almasb.fxgl.app.services.SystemBundleService
16:45:00.201 [FXGL Background Thread 3 ] DEBUG Engine               - class com.almasb.fxgl.profile.SaveLoadService
16:45:00.201 [FXGL Background Thread 3 ] DEBUG Engine               - class com.almasb.fxgl.ui.FXGLUIFactoryServiceProvider
16:45:00.201 [FXGL Background Thread 3 ] DEBUG Engine               - class com.almasb.fxgl.ui.FXGLDialogFactoryServiceProvider
16:45:00.201 [FXGL Background Thread 3 ] DEBUG Engine               - class com.almasb.fxgl.audio.AudioPlayer
16:45:00.201 [FXGL Background Thread 3 ] DEBUG Engine               - class com.almasb.fxgl.notification.impl.NotificationServiceProvider
16:45:00.201 [FXGL Background Thread 3 ] DEBUG Engine               - class com.almasb.fxgl.achievement.AchievementService
16:45:00.201 [FXGL Background Thread 3 ] DEBUG Engine               - class com.almasb.fxgl.cutscene.CutsceneService
16:45:00.203 [FXGL Background Thread 3 ] DEBUG Engine               - class com.almasb.fxgl.minigames.MiniGameService
16:45:00.203 [FXGL Background Thread 3 ] DEBUG Engine               - class com.almasb.fxgl.net.NetService
16:45:00.203 [FXGL Background Thread 3 ] DEBUG Engine               - class com.almasb.fxgl.app.services.UpdaterService
16:45:00.203 [FXGL Background Thread 3 ] DEBUG Engine               - class com.almasb.fxgl.dev.DevService
16:45:00.733 [JavaFX Application Thread] DEBUG Menu                 - fireNewGame()
16:45:00.733 [JavaFX Application Thread] DEBUG GameApplicationServi - Starting new game
16:45:00.736 [JavaFX Application Thread] DEBUG PrimaryStageWindow   - Pop state: FXGLDefaultMenu
16:45:00.736 [JavaFX Application Thread] DEBUG Input                - Clearing active input actions
16:45:00.738 [JavaFX Application Thread] DEBUG GameApplicationServi - Removing overlay from FXGLDefaultMenu and adding to FXGLMainMenuDummyScene
16:45:00.739 [JavaFX Application Thread] DEBUG PrimaryStageWindow   - FXGLMainMenuDummyScene <- FXGLDefaultMenu
16:45:00.740 [JavaFX Application Thread] DEBUG Input                - Clearing active input actions
16:45:00.750 [JavaFX Application Thread] DEBUG GameApplicationServi - Removing overlay from FXGLMainMenuDummyScene and adding to FXGLLoadingScene
16:45:00.750 [JavaFX Application Thread] DEBUG PrimaryStageWindow   - FXGLMainMenuDummyScene -> FXGLLoadingScene
16:45:00.750 [JavaFX Application Thread] DEBUG GameApplicationServi - Clearing previous game
16:45:00.750 [JavaFX Application Thread] DEBUG GameScene            - Clearing game scene
16:45:00.750 [JavaFX Application Thread] DEBUG GameWorld            - Clearing game world
16:45:00.751 [JavaFX Application Thread] DEBUG PhysicsWorld         - Clearing physics world
16:45:00.755 [FXGL Background Thread 2 ] DEBUG FXGLApplication      - Initializing game
16:45:00.761 [FXGL Background Thread 2 ] DEBUG FXGLAssetLoaderServi - Loading from file system: file:/C:/Users/15713/IdeaProjects/FXGL/TankWar/target/classes/assets/textures/Tank.png
16:45:00.817 [FXGL Background Thread 2 ] INFO  FXGLApplication      - Game initialization took: 0.062 sec
16:45:00.821 [JavaFX Application Thread] DEBUG Input                - Clearing active input actions
16:45:00.832 [JavaFX Application Thread] DEBUG GameApplicationServi - Removing overlay from FXGLLoadingScene and adding to GameScene
16:45:00.832 [JavaFX Application Thread] DEBUG PrimaryStageWindow   - FXGLLoadingScene -> GameScene
16:45:04.175 [JavaFX Application Thread] DEBUG FXGLAssetLoaderServi - Loading from file system: file:/C:/Users/15713/IdeaProjects/FXGL/TankWar/target/classes/assets/sounds/fire.wav
16:45:04.280 [JavaFX Application Thread] DEBUG FXGLAssetLoaderServi - Loading from file system: file:/C:/Users/15713/IdeaProjects/FXGL/TankWar/target/classes/assets/sounds/strike.wav
16:45:50.580 [JavaFX Application Thread] DEBUG AudioPlayer          - Pausing music com.almasb.fxgl.audio.Music@76f15c6d
16:45:50.581 [JavaFX Application Thread] DEBUG LoopRunner           - Pausing loop
16:45:52.348 [JavaFX Application Thread] DEBUG LoopRunner           - Resuming loop
16:45:52.348 [JavaFX Application Thread] DEBUG AudioPlayer          - Resuming music com.almasb.fxgl.audio.Music@76f15c6d
16:48:35.516 [JavaFX Application Thread] DEBUG FXGLApplication      - Exiting FXGL
16:48:35.516 [JavaFX Application Thread] DEBUG LoopRunner           - Stopping loop
16:48:35.516 [JavaFX Application Thread] DEBUG SystemBundleService  - Saving FXGL system data
16:48:35.530 [JavaFX Application Thread] DEBUG FileSystemAccess     - Writing to: C:\Users\15713\IdeaProjects\FXGL\system\fxgl.bundle
16:48:35.540 [JavaFX Application Thread] DEBUG Async                - Shutting down background threads
16:48:35.541 [JavaFX Application Thread] DEBUG PrimaryStageWindow   - Closing main window
16:48:35.555 [JavaFX Application Thread] DEBUG Logger               - Closing Logger
