22:56:02.706 [main                     ] DEBUG Logger               - Configured Logger
22:56:02.771 [main                     ] DEBUG GameApplication      - Logging settings
Title: 坦克大战
Version: 1.0
Width: 1920
Height: 1080
Fullscreen: false
Intro: false
Profiling: false
Single step:false
App Mode: DEVELOPER
Menu Key: ESCAPE
Stage Style: DECORATED
Scene Factory: class com.almasb.fxgl.app.scene.SceneFactory

22:56:04.240 [JavaFX Application Thread] DEBUG FXGLApplication      - Initializing FXGL
22:56:04.257 [JavaFX Application Thread] INFO  Engine               - FXGL-17 (31.12.2021 18.16) on WINDOWS (J:17.0.10 FX:17.0.0.1)
22:56:04.258 [JavaFX Application Thread] DEBUG Engine               - JRE Vendor Name: Oracle Corporation
22:56:04.259 [JavaFX Application Thread] DEBUG Engine               - Running on OS: Windows 11 version 10.0
22:56:04.259 [JavaFX Application Thread] DEBUG Engine               - Architecture: amd64
22:56:04.260 [JavaFX Application Thread] INFO  Engine               - Source code and latest versions at: https://github.com/AlmasB/FXGL
22:56:04.260 [JavaFX Application Thread] INFO  Engine               -       Ask questions and discuss at: https://github.com/AlmasB/FXGL/discussions
22:56:04.261 [JavaFX Application Thread] INFO  Engine               -              Join the FXGL chat at: https://gitter.im/AlmasB/FXGL
22:56:04.490 [JavaFX Application Thread] DEBUG PrimaryStageWindow   - Creating a JavaFX scene
22:56:04.491 [JavaFX Application Thread] DEBUG PrimaryStageWindow   - Target size > screen size
22:56:04.608 [JavaFX Application Thread] DEBUG PrimaryStageWindow   - Target settings size: 1920.0 x 1080.0
22:56:04.609 [JavaFX Application Thread] DEBUG PrimaryStageWindow   - Scaled scene size:    1425.0 x 815.0
22:56:04.609 [JavaFX Application Thread] DEBUG PrimaryStageWindow   - Scaled ratio: (0.7421875, 0.7546296296296297)
22:56:04.613 [JavaFX Application Thread] DEBUG PrimaryStageWindow   - Set initial scene to FXGLStartupScene
22:56:04.632 [JavaFX Application Thread] DEBUG PrimaryStageWindow   - Opening main window
22:56:04.829 [JavaFX Application Thread] DEBUG PrimaryStageWindow   - Window border size: (15.0, 37.79998779296875)
22:56:04.830 [JavaFX Application Thread] DEBUG PrimaryStageWindow   - Scaled size: 1425.0 x 815.0
22:56:04.831 [JavaFX Application Thread] DEBUG PrimaryStageWindow   - Scaled ratio: (0.7421875, 0.7546296296296297)
22:56:04.832 [JavaFX Application Thread] DEBUG PrimaryStageWindow   - Scene size: 1425.0 x 815.0
22:56:04.833 [JavaFX Application Thread] DEBUG PrimaryStageWindow   - Stage size: 1440.0 x 852.7999877929688
22:56:04.850 [FXGL Background Thread 1 ] DEBUG Engine               - Initializing environment variables
22:56:04.936 [FXGL Background Thread 1 ] DEBUG FXGLAssetLoaderServi - User app class for loading assets: class com.alatus.fxgl.TankWarApp
22:56:04.936 [FXGL Background Thread 1 ] DEBUG GameApplicationServi - Applying CSS: fxgl_dark.css
22:56:04.939 [FXGL Background Thread 1 ] DEBUG FXGLAssetLoaderServi - Loading from file system: jar:file:///C:/Maven/repository/com/github/almasb/fxgl/17/fxgl-17.jar!/fxglassets/ui/css/fxgl_dark.css
22:56:05.056 [FXGL Background Thread 1 ] DEBUG GameApplicationServi - Initializing application scenes
22:56:05.267 [FXGL Background Thread 1 ] DEBUG GameWorld            - Game world initialized
22:56:05.395 [FXGL Background Thread 1 ] DEBUG PhysicsWorld         - Physics world initialized: appHeight=1080, physics.ppm=50.0
22:56:05.396 [FXGL Background Thread 1 ] DEBUG PhysicsWorld         - Using strategy: BRUTE_FORCE
22:56:05.405 [FXGL Background Thread 1 ] DEBUG GameScene            - Game scene initialized: 1920x1080
22:56:05.432 [FXGL Background Thread 1 ] DEBUG FXGL.DefaultMenu     - createMenuBodyMainMenu()
22:56:05.466 [FXGL Background Thread 1 ] DEBUG FXGL.DefaultMenu     - createOptionsMenu()
22:56:05.491 [FXGL Background Thread 1 ] DEBUG FXGLAssetLoaderServi - Loading from file system: jar:file:///C:/Maven/repository/com/github/almasb/fxgl/17/fxgl-17.jar!/fxglassets/textures/particles/smoke.png
22:56:05.730 [FXGL Background Thread 1 ] DEBUG FXGLAssetLoaderServi - Loading from file system: jar:file:///C:/Maven/repository/com/github/almasb/fxgl/17/fxgl-17.jar!/fxglassets/textures/particles/trace_horizontal.png
22:56:05.797 [FXGL Background Thread 1 ] DEBUG FXGL.DefaultMenu     - createMenuBodyGameMenu()
22:56:05.799 [FXGL Background Thread 1 ] DEBUG FXGL.DefaultMenu     - createOptionsMenu()
22:56:05.823 [FXGL Background Thread 1 ] DEBUG GameApplicationServi - Application scenes initialized
22:56:05.850 [FXGL Background Thread 1 ] DEBUG SystemBundleService  - Loading FXGL system data
22:56:05.859 [FXGL Background Thread 1 ] DEBUG FileSystemAccess     - Reading from: C:\Users\15713\IdeaProjects\FXGL\system\fxgl.bundle
22:56:05.870 [FXGL Background Thread 1 ] DEBUG SystemBundleService  - Bundle FXGL: {}
22:56:05.870 [FXGL Background Thread 1 ] DEBUG UpdaterService       - Checking for updates
22:56:05.878 [FXGL Background Thread 4 ] DEBUG FXGLApplication      - Loading fonts
22:56:05.878 [FXGL Background Thread 1 ] DEBUG FXGLApplication      - Loading default localization
22:56:05.879 [FXGL Background Thread 4 ] DEBUG FXGLAssetLoaderServi - Loading from file system: jar:file:///C:/Maven/repository/com/github/almasb/fxgl/17/fxgl-17.jar!/fxglassets/ui/fonts/VarelaRound-Regular.ttf
22:56:05.879 [FXGL Background Thread 1 ] DEBUG FXGLAssetLoaderServi - Loading from file system: file:/C:/Users/15713/IdeaProjects/FXGL/TankWar/target/classes/assets/languages/chinese.lang
22:56:05.965 [FXGL Background Thread 1 ] INFO  FXGLApplication      - FXGL initialization took: 1.115 sec
22:56:05.991 [JavaFX Application Thread] DEBUG Input                - Registered new binding: 向上 - Up
22:56:05.992 [JavaFX Application Thread] DEBUG Input                - Registered new binding: 向下 - Down
22:56:05.992 [JavaFX Application Thread] DEBUG Input                - Registered new binding: 向左 - Left
22:56:05.993 [JavaFX Application Thread] DEBUG Input                - Registered new binding: 向右 - Right
22:56:05.993 [JavaFX Application Thread] DEBUG Input                - Registered new binding: 发射子弹 - Space
22:56:05.994 [JavaFX Application Thread] DEBUG FXGLAssetLoaderServi - Loading from file system: file:/C:/Users/15713/IdeaProjects/FXGL/TankWar/target/classes/assets/music/music.mp3
22:56:06.130 [FXGL Background Thread 4 ] DEBUG FXGLAssetLoaderServi - Loading from file system: jar:file:///C:/Maven/repository/com/github/almasb/fxgl/17/fxgl-17.jar!/fxglassets/ui/fonts/Abel-Regular.ttf
22:56:06.137 [FXGL Background Thread 4 ] DEBUG FXGLAssetLoaderServi - Loading from file system: jar:file:///C:/Maven/repository/com/github/almasb/fxgl/17/fxgl-17.jar!/fxglassets/ui/fonts/TerminalLandMono-Regular.otf
22:56:06.144 [FXGL Background Thread 4 ] DEBUG FXGLAssetLoaderServi - Loading from file system: jar:file:///C:/Maven/repository/com/github/almasb/fxgl/17/fxgl-17.jar!/fxglassets/ui/fonts/Courier-Prime.ttf
22:56:06.315 [JavaFX Application Thread] DEBUG AudioPlayer          - Playing music com.almasb.fxgl.audio.Music@9071fd4
22:56:06.316 [JavaFX Application Thread] DEBUG FXGLAssetLoaderServi - Loading from file system: file:/C:/Users/15713/IdeaProjects/FXGL/TankWar/target/classes/assets/textures/tab.PNG
22:56:06.886 [JavaFX Application Thread] DEBUG FXGLAssetLoaderServi - Loading from file system: jar:file:///C:/Maven/repository/com/github/almasb/fxgl/17/fxgl-17.jar!/fxglassets/textures/fxgl_default_cursor.png
22:56:06.892 [JavaFX Application Thread] DEBUG Input                - Registered new binding: Screenshot - CTRL+8
22:56:06.895 [JavaFX Application Thread] DEBUG Input                - Registered new binding: System info dump - CTRL+9
22:56:06.896 [JavaFX Application Thread] DEBUG Input                - Registered new binding: Restart - CTRL+R
22:56:06.898 [JavaFX Application Thread] DEBUG Input                - Registered new binding: Toggle Debug Camera - CTRL+7
22:56:06.904 [JavaFX Application Thread] DEBUG LoopRunner           - Starting loop
22:56:06.904 [JavaFX Application Thread] DEBUG LoopRunner           - Initializing JavaFX AnimationTimerLoop
22:56:06.909 [JavaFX Application Thread] DEBUG Input                - Clearing active input actions
22:56:06.925 [JavaFX Application Thread] DEBUG GameApplicationServi - Removing overlay from FXGLStartupScene and adding to FXGLMainMenuDummyScene
22:56:06.926 [JavaFX Application Thread] DEBUG PrimaryStageWindow   - FXGLStartupScene -> FXGLMainMenuDummyScene
22:56:06.926 [JavaFX Application Thread] DEBUG PrimaryStageWindow   - Push state: FXGLDefaultMenu
22:56:06.953 [JavaFX Application Thread] DEBUG Input                - Clearing active input actions
22:56:06.987 [JavaFX Application Thread] DEBUG GameApplicationServi - Removing overlay from FXGLMainMenuDummyScene and adding to FXGLDefaultMenu
22:56:06.989 [JavaFX Application Thread] DEBUG PrimaryStageWindow   - FXGLMainMenuDummyScene -> FXGLDefaultMenu
22:56:06.995 [JavaFX Application Thread] DEBUG FXGLApplication      - Registering font factories with UI factory
22:56:07.722 [FXGL Background Thread 2 ] INFO  UpdaterService       - Your current version:  17
22:56:07.722 [FXGL Background Thread 2 ] INFO  UpdaterService       - Latest stable version: 21.1
22:56:08.561 [JavaFX Application Thread] DEBUG AudioPlayer          - Pausing music com.almasb.fxgl.audio.Music@9071fd4
22:56:08.562 [JavaFX Application Thread] DEBUG LoopRunner           - Pausing loop
22:56:08.877 [FXGL Background Thread 3 ] DEBUG Engine               - Logging environment variables
22:56:08.878 [FXGL Background Thread 3 ] DEBUG Engine               - achievements: []
22:56:08.878 [FXGL Background Thread 3 ] DEBUG Engine               - actualHeight: 815.0
22:56:08.879 [FXGL Background Thread 3 ] DEBUG Engine               - actualHeightProperty: ReadOnlyDoubleProperty [value: 815.0]
22:56:08.879 [FXGL Background Thread 3 ] DEBUG Engine               - actualWidth: 1425.0
22:56:08.880 [FXGL Background Thread 3 ] DEBUG Engine               - actualWidthProperty: ReadOnlyDoubleProperty [value: 1425.0]
22:56:08.880 [FXGL Background Thread 3 ] DEBUG Engine               - appIcon: tab.PNG
22:56:08.881 [FXGL Background Thread 3 ] DEBUG Engine               - applicationMode: DEVELOPER
22:56:08.881 [FXGL Background Thread 3 ] DEBUG Engine               - cSSList: [fxgl_dark.css]
22:56:08.881 [FXGL Background Thread 3 ] DEBUG Engine               - collisionDetectionStrategy: BRUTE_FORCE
22:56:08.881 [FXGL Background Thread 3 ] DEBUG Engine               - configClass: Optional.empty
22:56:08.882 [FXGL Background Thread 3 ] DEBUG Engine               - credits: []
22:56:08.882 [FXGL Background Thread 3 ] DEBUG Engine               - defaultCursor: CursorInfo(imageName=fxgl_default_cursor.png, hotspotX=7.0, hotspotY=6.0)
22:56:08.883 [FXGL Background Thread 3 ] DEBUG Engine               - devBBoxColorProperty: ObjectProperty [value: 0xff0000ff]
22:56:08.883 [FXGL Background Thread 3 ] DEBUG Engine               - devEnableDebugCameraProperty: BooleanProperty [value: false]
22:56:08.883 [FXGL Background Thread 3 ] DEBUG Engine               - devSensorColorProperty: ObjectProperty [value: 0xffff00ff]
22:56:08.884 [FXGL Background Thread 3 ] DEBUG Engine               - devShowBBoxProperty: BooleanProperty [value: false]
22:56:08.884 [FXGL Background Thread 3 ] DEBUG Engine               - devShowPositionProperty: BooleanProperty [value: false]
22:56:08.884 [FXGL Background Thread 3 ] DEBUG Engine               - enabledMenuItems: []
22:56:08.884 [FXGL Background Thread 3 ] DEBUG Engine               - engineServices: [class com.almasb.fxgl.app.services.FXGLAssetLoaderService, class com.almasb.fxgl.app.FXGLApplication$GameApplicationService, class com.almasb.fxgl.app.services.FXGLDialogService, class com.almasb.fxgl.app.services.IOTaskExecutorService, class com.almasb.fxgl.io.FileSystemService, class com.almasb.fxgl.localization.LocalizationService, class com.almasb.fxgl.app.services.SystemBundleService, class com.almasb.fxgl.profile.SaveLoadService, class com.almasb.fxgl.ui.FXGLUIFactoryServiceProvider, class com.almasb.fxgl.ui.FXGLDialogFactoryServiceProvider, class com.almasb.fxgl.audio.AudioPlayer, class com.almasb.fxgl.notification.impl.NotificationServiceProvider, class com.almasb.fxgl.achievement.AchievementService, class com.almasb.fxgl.cutscene.CutsceneService, class com.almasb.fxgl.minigames.MiniGameService, class com.almasb.fxgl.net.NetService, class com.almasb.fxgl.app.services.UpdaterService, class com.almasb.fxgl.dev.DevService]
22:56:08.885 [FXGL Background Thread 3 ] DEBUG Engine               - fontGame: Abel-Regular.ttf
22:56:08.885 [FXGL Background Thread 3 ] DEBUG Engine               - fontMono: TerminalLandMono-Regular.otf
22:56:08.885 [FXGL Background Thread 3 ] DEBUG Engine               - fontText: Courier-Prime.ttf
22:56:08.885 [FXGL Background Thread 3 ] DEBUG Engine               - fontUI: VarelaRound-Regular.ttf
22:56:08.885 [FXGL Background Thread 3 ] DEBUG Engine               - fullScreen: BooleanProperty [value: false]
22:56:08.885 [FXGL Background Thread 3 ] DEBUG Engine               - gameDifficulty: MEDIUM
22:56:08.886 [FXGL Background Thread 3 ] DEBUG Engine               - gameDifficultyProperty: ObjectProperty [value: MEDIUM]
22:56:08.886 [FXGL Background Thread 3 ] DEBUG Engine               - globalMusicVolume: 0.5
22:56:08.886 [FXGL Background Thread 3 ] DEBUG Engine               - globalMusicVolumeProperty: DoubleProperty [value: 0.3]
22:56:08.886 [FXGL Background Thread 3 ] DEBUG Engine               - globalSoundVolume: 0.5
22:56:08.886 [FXGL Background Thread 3 ] DEBUG Engine               - globalSoundVolumeProperty: DoubleProperty [value: 0.5]
22:56:08.886 [FXGL Background Thread 3 ] DEBUG Engine               - height: 1080
22:56:08.887 [FXGL Background Thread 3 ] DEBUG Engine               - is3D: false
22:56:08.887 [FXGL Background Thread 3 ] DEBUG Engine               - isAndroid: false
22:56:08.887 [FXGL Background Thread 3 ] DEBUG Engine               - isBrowser: false
22:56:08.887 [FXGL Background Thread 3 ] DEBUG Engine               - isClickFeedbackEnabled: false
22:56:08.887 [FXGL Background Thread 3 ] DEBUG Engine               - isCloseConfirmation: false
22:56:08.888 [FXGL Background Thread 3 ] DEBUG Engine               - isDesktop: true
22:56:08.888 [FXGL Background Thread 3 ] DEBUG Engine               - isDeveloperMenuEnabled: false
22:56:08.889 [FXGL Background Thread 3 ] DEBUG Engine               - isEmbedded: false
22:56:08.889 [FXGL Background Thread 3 ] DEBUG Engine               - isEntityPreloadEnabled: true
22:56:08.889 [FXGL Background Thread 3 ] DEBUG Engine               - isExperimentalTiledLargeMap: false
22:56:08.889 [FXGL Background Thread 3 ] DEBUG Engine               - isFileSystemWriteAllowed: true
22:56:08.889 [FXGL Background Thread 3 ] DEBUG Engine               - isFullScreenAllowed: false
22:56:08.889 [FXGL Background Thread 3 ] DEBUG Engine               - isFullScreenFromStart: false
22:56:08.890 [FXGL Background Thread 3 ] DEBUG Engine               - isGameMenuEnabled: true
22:56:08.890 [FXGL Background Thread 3 ] DEBUG Engine               - isIOS: false
22:56:08.890 [FXGL Background Thread 3 ] DEBUG Engine               - isIntroEnabled: false
22:56:08.890 [FXGL Background Thread 3 ] DEBUG Engine               - isLinux: false
22:56:08.890 [FXGL Background Thread 3 ] DEBUG Engine               - isMac: false
22:56:08.890 [FXGL Background Thread 3 ] DEBUG Engine               - isMainMenuEnabled: true
22:56:08.891 [FXGL Background Thread 3 ] DEBUG Engine               - isManualResizeEnabled: false
22:56:08.891 [FXGL Background Thread 3 ] DEBUG Engine               - isMobile: false
22:56:08.891 [FXGL Background Thread 3 ] DEBUG Engine               - isNative: false
22:56:08.891 [FXGL Background Thread 3 ] DEBUG Engine               - isPauseMusicWhenMinimized: true
22:56:08.891 [FXGL Background Thread 3 ] DEBUG Engine               - isPreserveResizeRatio: false
22:56:08.891 [FXGL Background Thread 3 ] DEBUG Engine               - isProfilingEnabled: false
22:56:08.891 [FXGL Background Thread 3 ] DEBUG Engine               - isScaleAffectedOnResize: true
22:56:08.892 [FXGL Background Thread 3 ] DEBUG Engine               - isSingleStep: false
22:56:08.892 [FXGL Background Thread 3 ] DEBUG Engine               - isUserProfileEnabled: false
22:56:08.892 [FXGL Background Thread 3 ] DEBUG Engine               - isWindows: true
22:56:08.892 [FXGL Background Thread 3 ] DEBUG Engine               - language: ObjectProperty [value: CHINESE]
22:56:08.892 [FXGL Background Thread 3 ] DEBUG Engine               - menuKey: ESCAPE
22:56:08.892 [FXGL Background Thread 3 ] DEBUG Engine               - mouseSensitivity: 0.2
22:56:08.892 [FXGL Background Thread 3 ] DEBUG Engine               - notificationViewClass: class com.almasb.fxgl.notification.view.XboxNotificationView
22:56:08.892 [FXGL Background Thread 3 ] DEBUG Engine               - pixelsPerMeter: 50.0
22:56:08.893 [FXGL Background Thread 3 ] DEBUG Engine               - platform: WINDOWS
22:56:08.893 [FXGL Background Thread 3 ] DEBUG Engine               - prefHeightProperty: ReadOnlyDoubleProperty [value: 1080.0]
22:56:08.893 [FXGL Background Thread 3 ] DEBUG Engine               - prefWidthProperty: ReadOnlyDoubleProperty [value: 1920.0]
22:56:08.893 [FXGL Background Thread 3 ] DEBUG Engine               - profileDir: profiles/
22:56:08.893 [FXGL Background Thread 3 ] DEBUG Engine               - profileName: StringProperty [value: DEFAULT]
22:56:08.894 [FXGL Background Thread 3 ] DEBUG Engine               - randomSeed: -1
22:56:08.894 [FXGL Background Thread 3 ] DEBUG Engine               - runtimeInfo: RuntimeInfo(platform=WINDOWS, version=17, build=31.12.2021 18.16)
22:56:08.894 [FXGL Background Thread 3 ] DEBUG Engine               - saveFileExt: sav
22:56:08.895 [FXGL Background Thread 3 ] DEBUG Engine               - scaledHeightProp$fxgl: DoubleProperty [bound, value: 815.0]
22:56:08.895 [FXGL Background Thread 3 ] DEBUG Engine               - scaledWidthProp$fxgl: DoubleProperty [bound, value: 1425.0]
22:56:08.895 [FXGL Background Thread 3 ] DEBUG Engine               - sceneFactory: com.almasb.fxgl.app.scene.SceneFactory@a399460
22:56:08.895 [FXGL Background Thread 3 ] DEBUG Engine               - secondsIn24h: 60
22:56:08.895 [FXGL Background Thread 3 ] DEBUG Engine               - soundMenuBack: menu/back.wav
22:56:08.895 [FXGL Background Thread 3 ] DEBUG Engine               - soundMenuPress: menu/press.wav
22:56:08.895 [FXGL Background Thread 3 ] DEBUG Engine               - soundMenuSelect: menu/select.wav
22:56:08.895 [FXGL Background Thread 3 ] DEBUG Engine               - soundNotification: core/notification.wav
22:56:08.895 [FXGL Background Thread 3 ] DEBUG Engine               - stageStyle: DECORATED
22:56:08.895 [FXGL Background Thread 3 ] DEBUG Engine               - supportedLanguages: [CHINESE, ENGLISH, FRENCH, GERMAN, HUNGARIAN, RUSSIAN]
22:56:08.895 [FXGL Background Thread 3 ] DEBUG Engine               - ticksPerSecond: -1
22:56:08.895 [FXGL Background Thread 3 ] DEBUG Engine               - title: 坦克大战
22:56:08.897 [FXGL Background Thread 3 ] DEBUG Engine               - urlGithub: https://github.com/AlmasB/FXGL
22:56:08.897 [FXGL Background Thread 3 ] DEBUG Engine               - urlLeaderboard: http://fxgl-top.herokuapp.com/
22:56:08.897 [FXGL Background Thread 3 ] DEBUG Engine               - urlPOM: https://raw.githubusercontent.com/AlmasB/FXGL/release/README.md
22:56:08.897 [FXGL Background Thread 3 ] DEBUG Engine               - userAppClass: class com.alatus.fxgl.TankWarApp
22:56:08.897 [FXGL Background Thread 3 ] DEBUG Engine               - version: 1.0
22:56:08.897 [FXGL Background Thread 3 ] DEBUG Engine               - versionCheckDays: 7
22:56:08.897 [FXGL Background Thread 3 ] DEBUG Engine               - width: 1920
22:56:08.897 [FXGL Background Thread 3 ] DEBUG Engine               - Logging services
22:56:08.898 [FXGL Background Thread 3 ] DEBUG Engine               - class com.almasb.fxgl.app.services.FXGLAssetLoaderService
22:56:08.898 [FXGL Background Thread 3 ] DEBUG Engine               - class com.almasb.fxgl.app.FXGLApplication$GameApplicationService
22:56:08.899 [FXGL Background Thread 3 ] DEBUG Engine               - class com.almasb.fxgl.app.services.FXGLDialogService
22:56:08.899 [FXGL Background Thread 3 ] DEBUG Engine               - class com.almasb.fxgl.app.services.IOTaskExecutorService
22:56:08.899 [FXGL Background Thread 3 ] DEBUG Engine               - class com.almasb.fxgl.io.FileSystemService
22:56:08.899 [FXGL Background Thread 3 ] DEBUG Engine               - class com.almasb.fxgl.localization.LocalizationService
22:56:08.901 [FXGL Background Thread 3 ] DEBUG Engine               - class com.almasb.fxgl.app.services.SystemBundleService
22:56:08.901 [FXGL Background Thread 3 ] DEBUG Engine               - class com.almasb.fxgl.profile.SaveLoadService
22:56:08.901 [FXGL Background Thread 3 ] DEBUG Engine               - class com.almasb.fxgl.ui.FXGLUIFactoryServiceProvider
22:56:08.901 [FXGL Background Thread 3 ] DEBUG Engine               - class com.almasb.fxgl.ui.FXGLDialogFactoryServiceProvider
22:56:08.901 [FXGL Background Thread 3 ] DEBUG Engine               - class com.almasb.fxgl.audio.AudioPlayer
22:56:08.901 [FXGL Background Thread 3 ] DEBUG Engine               - class com.almasb.fxgl.notification.impl.NotificationServiceProvider
22:56:08.902 [FXGL Background Thread 3 ] DEBUG Engine               - class com.almasb.fxgl.achievement.AchievementService
22:56:08.902 [FXGL Background Thread 3 ] DEBUG Engine               - class com.almasb.fxgl.cutscene.CutsceneService
22:56:08.902 [FXGL Background Thread 3 ] DEBUG Engine               - class com.almasb.fxgl.minigames.MiniGameService
22:56:08.902 [FXGL Background Thread 3 ] DEBUG Engine               - class com.almasb.fxgl.net.NetService
22:56:08.902 [FXGL Background Thread 3 ] DEBUG Engine               - class com.almasb.fxgl.app.services.UpdaterService
22:56:08.902 [FXGL Background Thread 3 ] DEBUG Engine               - class com.almasb.fxgl.dev.DevService
22:56:11.335 [JavaFX Application Thread] DEBUG LoopRunner           - Resuming loop
22:56:11.336 [JavaFX Application Thread] DEBUG AudioPlayer          - Resuming music com.almasb.fxgl.audio.Music@9071fd4
22:56:12.551 [JavaFX Application Thread] DEBUG Menu                 - fireNewGame()
22:56:12.551 [JavaFX Application Thread] DEBUG GameApplicationServi - Starting new game
22:56:12.555 [JavaFX Application Thread] DEBUG PrimaryStageWindow   - Pop state: FXGLDefaultMenu
22:56:12.557 [JavaFX Application Thread] DEBUG Input                - Clearing active input actions
22:56:12.558 [JavaFX Application Thread] DEBUG GameApplicationServi - Removing overlay from FXGLDefaultMenu and adding to FXGLMainMenuDummyScene
22:56:12.559 [JavaFX Application Thread] DEBUG PrimaryStageWindow   - FXGLMainMenuDummyScene <- FXGLDefaultMenu
22:56:12.559 [JavaFX Application Thread] DEBUG Input                - Clearing active input actions
22:56:12.583 [JavaFX Application Thread] DEBUG GameApplicationServi - Removing overlay from FXGLMainMenuDummyScene and adding to FXGLLoadingScene
22:56:12.583 [JavaFX Application Thread] DEBUG PrimaryStageWindow   - FXGLMainMenuDummyScene -> FXGLLoadingScene
22:56:12.583 [JavaFX Application Thread] DEBUG GameApplicationServi - Clearing previous game
22:56:12.583 [JavaFX Application Thread] DEBUG GameScene            - Clearing game scene
22:56:12.583 [JavaFX Application Thread] DEBUG GameWorld            - Clearing game world
22:56:12.583 [JavaFX Application Thread] DEBUG PhysicsWorld         - Clearing physics world
22:56:12.585 [FXGL Background Thread 2 ] DEBUG FXGLApplication      - Initializing game
22:56:12.589 [FXGL Background Thread 2 ] DEBUG FXGLAssetLoaderServi - Loading from file system: file:/C:/Users/15713/IdeaProjects/FXGL/TankWar/target/classes/assets/textures/Tank.png
22:56:12.638 [FXGL Background Thread 2 ] INFO  FXGLApplication      - Game initialization took: 0.052 sec
22:56:12.650 [JavaFX Application Thread] DEBUG Input                - Clearing active input actions
22:56:12.672 [JavaFX Application Thread] DEBUG GameApplicationServi - Removing overlay from FXGLLoadingScene and adding to GameScene
22:56:12.672 [JavaFX Application Thread] DEBUG PrimaryStageWindow   - FXGLLoadingScene -> GameScene
22:56:17.481 [JavaFX Application Thread] DEBUG FXGLAssetLoaderServi - Loading from file system: file:/C:/Users/15713/IdeaProjects/FXGL/TankWar/target/classes/assets/sounds/fire.wav
22:56:18.997 [JavaFX Application Thread] DEBUG FXGLAssetLoaderServi - Loading from file system: file:/C:/Users/15713/IdeaProjects/FXGL/TankWar/target/classes/assets/sounds/strike.wav
22:57:11.241 [JavaFX Application Thread] WARN  GameWorld            - Attempted to remove entity which is not active
22:57:17.378 [JavaFX Application Thread] DEBUG FXGLApplication      - Exiting FXGL
22:57:17.379 [JavaFX Application Thread] DEBUG LoopRunner           - Stopping loop
22:57:17.379 [JavaFX Application Thread] DEBUG SystemBundleService  - Saving FXGL system data
22:57:17.381 [JavaFX Application Thread] DEBUG FileSystemAccess     - Writing to: C:\Users\15713\IdeaProjects\FXGL\system\fxgl.bundle
22:57:17.383 [JavaFX Application Thread] DEBUG Async                - Shutting down background threads
22:57:17.383 [JavaFX Application Thread] DEBUG PrimaryStageWindow   - Closing main window
22:57:17.401 [JavaFX Application Thread] DEBUG Logger               - Closing Logger
